<html>
<body>
<pre>
<h1>µVision Build Log</h1>
<h2>Project:</h2>
F:\quadrotor\USER\Template.uvproj
Project File Date:  09/08/2016

<h2>Output:</h2>
Build target 'Template'
compiling main.c...
compiling Flash_eeprom.c...
compiling TIMER.c...
compiling HMC5883.c...
compiling WFT_Controller.c...
compiling CONTROL.c...
compiling IMU.c...
compiling PID.c...
..\CONTROL\PID.c(282): warning:  #177-D: variable "Hold_filter" was declared but never referenced
  static const float Hold_filter = 7.9577e-3f;
..\CONTROL\PID.c: 1 warning, 0 errors
linking...
Program Size: Code=64718 RO-data=3490 RW-data=812 ZI-data=11108  
FromELF: creating hex file...
"..\OBJ\Template.axf" - 0 Error(s), 1 Warning(s).
</pre>
</body>
</html>
